349 x[1,0] 6.427277853384005e-16
350 x[1,0.2] 3.233605572861478e-16
351 x[1,1] 1.6171904509574843e-15
352 x[1,1.2] 1.6220754743040036e-15
353 x[1,2] 2.593713825197276e-15
354 x[1,2.2] 2.599310292057052e-15
355 x[1,3] 3.572804555846014e-15
356 x[1,3.2] 3.580144453439717e-15
357 x[1,4] 4.55925143595576e-15
358 x[1,4.2] 4.572160872066838e-15
359 x[1,5] 5.569508693780985e-15
360 x[1,6] 5.569508693780985e-15
361 x[2,0] 8.507947047304445e-15
362 x[2,0.2] 4.275547473612204e-15
363 x[2,1] 2.1385969923960805e-14
364 x[2,1.2] 2.1445859147374887e-14
365 x[2,2] 3.42916785130187e-14
366 x[2,2.2] 3.435508007448149e-14
367 x[2,3] 4.7202303411056724e-14
368 x[2,3.2] 4.726625391422463e-14
369 x[2,4] 6.011200782327812e-14
370 x[2,4.2] 6.017435082666021e-14
371 x[2,5] 7.301487370606566e-14
372 x[2,6] 7.30148737060592e-14
373 x[3,0] 0.25656345427206095
374 x[3,0.2] 0.14315882121348264
375 x[3,1] 0.08112992513165869
376 x[3,1.2] 0.04165103355311644
377 x[3,2] 0.011714786438357423
378 x[3,2.2] -0.01815591259512084
379 x[3,3] -0.054650666095522306
380 x[3,3.2] -0.10404032088834206
381 x[3,4] -0.1637760995061801
382 x[3,4.2] -0.23666956200554753
383 x[3,5] -0.36820125875994314
384 x[3,6] -0.3682012587599453
385 x[4,0] 0.12154272936527538
386 x[4,0.2] 0.19419336354203118
387 x[4,1] 0.18146726617332956
388 x[4,1.2] 0.1396023299624066
389 x[4,2] 0.09043530358085476
390 x[4,2.2] 0.04736108559501043
391 x[4,3] 0.017082562252017142
392 x[4,3.2] 0.005523492156284385
393 x[4,4] 0
394 x[4,4.2] 0
395 x[4,5] 0.09777411017880007
396 x[4,6] 0.09777411017878665
397 x[5,0] -0.4222067553871863
398 x[5,0.2] -0.3756008541516822
399 x[5,1] -0.2959940480875431
400 x[5,1.2] -0.21400854649658613
401 x[5,2] -0.13872800264532187
402 x[5,2.2] -0.07315217329238456
403 x[5,3] -0.015030283020480083
404 x[5,3.2] 0.03862518937032566
405 x[5,4] 0.10269140529369114
406 x[5,4.2] 0.18375363176449985
407 x[5,5] 0.2263265768313233
408 x[5,6] 0.22632657683132312
409 x[6,0] -0.6485333322185093
410 x[6,0.2] -0.5864852371777931
411 x[6,1] -0.4577086402154217
412 x[6,1.2] -0.28956215602216895
413 x[6,2] -0.10240697441130517
414 x[6,2.2] 0.08544417889590854
415 x[6,3] 0.25795266571145165
416 x[6,3.2] 0.4013842355029539
417 x[6,4] 0.5206706431473551
418 x[6,4.2] 0.6169632028967187
419 x[6,5] 0.6485333322185362
420 x[6,6] 0.6485333322185227
421 x[7,0] -0.09777411017877448
422 x[7,0.2] -0.23329646350066993
423 x[7,1] -0.29054319144568047
424 x[7,1.2] -0.3000626273764425
425 x[7,2] -0.2757118321927236
426 x[7,2.2] -0.22708220267206725
427 x[7,3] -0.16236907577307713
428 x[7,3.2] -0.09281465546357721
429 x[7,4] -0.04225069208130086
430 x[7,4.2] -0.03924054273700451
431 x[7,5] -0.12154272936524908
432 x[7,6] -0.12154272936526171
433 x[8,0] 5.3092120621561507e-17
434 x[8,0.2] 6.040973913095353e-17
435 x[8,1] 6.416779030346298e-17
436 x[8,1.2] 7.497006525935903e-17
437 x[8,2] 8.316689986784913e-17
438 x[8,2.2] 8.480311926186398e-17
439 x[8,3] 1.3486513465514536e-16
440 x[8,3.2] 1.1013211757711834e-16
441 x[8,4] 2.9711445496552894e-16
442 x[8,4.2] 1.9360935666057244e-16
443 x[8,5] 8.214009375553959e-16
444 x[8,6] -1.3241051264079047e-15
445 x[9,0] 4.563147116085012e-16
446 x[9,0.2] 7.258424867798535e-16
447 x[9,1] 6.915306088231918e-16
448 x[9,1.2] 9.4627384668039e-16
449 x[9,2] 7.611198035052641e-16
450 x[9,2.2] 9.79213753525688e-16
451 x[9,3] 7.70469937614491e-16
452 x[9,3.2] 9.790932614922362e-16
453 x[9,4] 7.221523796774029e-16
454 x[9,4.2] 9.558644383763567e-16
455 x[9,5] 5.70305396705483e-16
456 x[9,6] 9.097726147414778e-17
457 x[10,0] -2.155223308982483
458 x[10,0.2] -1.1690028504184389
459 x[10,1] -0.687345109646705
460 x[10,1.2] -0.46822282020331973
461 x[10,2] -0.41469812496724895
462 x[10,2.2] -0.45639468275848866
463 x[10,3] -0.6039568240222921
464 x[10,3.2] -0.7933217757814855
465 x[10,4] -0.8995603618800972
466 x[10,4.2] -1.321644852100075
467 x[10,5] -2.5749384834524713
468 x[10,6] -2.5749384834524722
469 x[11,0] 1.9802989035992289
470 x[11,0.2] 0.2617329536113025
471 x[11,1] -0.45903628341367886
472 x[11,1.2] -0.693666527708069
473 x[11,2] -0.6676674311458285
474 x[11,2.2] -0.543486331827882
475 x[11,3] -0.3020761556355637
476 x[11,3.2] -0.07510068155867017
477 x[11,4] -0.12963135709784554
478 x[11,4.2] 0.4140089654036458
479 x[11,5] 2.663914931312518
480 x[11,6] 2.6639149313125157
481 x[12,0] 0.24624587801407213
482 x[12,0.2] 0.9934353189988908
483 x[12,1] 1.1891288731179415
484 x[12,1.2] 1.1383214627483478
485 x[12,2] 0.997558651983868
486 x[12,2.2] 0.879795806281607
487 x[12,3] 0.7845889639543507
488 x[12,3.2] 0.7946468675849466
489 x[12,4] 1.082038779170339
490 x[12,4.2] 1.0585666012036388
491 x[12,5] -0.01765497522922032
492 x[12,6] -0.017654975229217038
493 x[13,0] 0.2639008532432895
494 x[13,0.2] 1.4359676882566992
495 x[13,1] 2.1704294795762307
496 x[13,1.2] 2.5858124122730097
497 x[13,2] 2.713535120079426
498 x[13,2.2] 2.6138190590731565
499 x[13,3] 2.27517322031749
500 x[13,3.2] 1.8497143062766288
501 x[13,4] 1.5853114446862673
502 x[13,4.2] 1.0396047350448405
503 x[13,5] -0.26390085324329116
504 x[13,6] -0.26390085324328755
505 x[14,0] -2.6639149313125117
506 x[14,0.2] -1.292537157752672
507 x[14,1] -0.42746849197308334
508 x[14,1.2] 0.13071144430760492
509 x[14,2] 0.5402523970120512
510 x[14,2.2] 0.8293783532877765
511 x[14,3] 0.9997808935358683
512 x[14,3.2] 0.9227383565526546
513 x[14,4] 0.4571964099011594
514 x[14,4.2] -0.4687819189033419
515 x[14,5] -1.9802989035992298
516 x[14,6] -1.9802989035992287
1 t[0] 0
2 t[0.2] 0.06999999999999997
3 t[1] 0.13999999999999993
4 t[1.2] 0.2099999999999999
5 t[2] 0.2799999999999999
6 t[2.2] 0.3499999999999999
7 t[3] 0.41999999999999993
8 t[3.2] 0.48999999999999994
9 t[4] 0.5599999999999999
10 t[4.2] 0.6299999999999999
11 t[5] 0.7
12 t[6] 0.7
265 u[1,0] 0
266 u[1,0.2] 0
267 u[1,1] 0
268 u[1,1.2] 0
269 u[1,2] 0
270 u[1,2.2] 0
271 u[1,3] 0
272 u[1,3.2] 0
273 u[1,4] 0
274 u[1,4.2] 0
275 u[1,5] 0
276 u[1,6] 0
277 u[2,0] 0
278 u[2,0.2] 0
279 u[2,1] 0
280 u[2,1.2] 0
281 u[2,2] 0
282 u[2,2.2] 0
283 u[2,3] 0
284 u[2,3.2] 0
285 u[2,4] 0
286 u[2,4.2] 0
287 u[2,5] 0
288 u[2,6] 0
289 u[3,0] 0
290 u[3,0.2] 0
291 u[3,1] 0
292 u[3,1.2] 0
293 u[3,2] 0
294 u[3,2.2] 0
295 u[3,3] 0
296 u[3,3.2] 0
297 u[3,4] 0
298 u[3,4.2] 0
299 u[3,5] 0
300 u[3,6] 0
301 u[4,0] -4.534691670625225
302 u[4,0.2] -3.5061654290181945
303 u[4,1] -1.5944694702203197
304 u[4,1.2] -1.0043059053262147
305 u[4,2] -0.6838504309545428
306 u[4,2.2] -1.3264113684997325
307 u[4,3] -1.782752538045866
308 u[4,3.2] -5.347616573170973
309 u[4,4] -9.69636348017884
310 u[4,4.2] -3.5540903556301124
311 u[4,5] 1.3496950687803488
312 u[4,6] -0.0002881551796081109
313 u[5,0] 8.34983137057826
314 u[5,0.2] 6.010005913521099
315 u[5,1] 3.1534871614922784
316 u[5,1.2] 1.8585175225775226
317 u[5,2] 0.8553513097117653
318 u[5,2.2] 0.6782986022539079
319 u[5,3] 0.365589660890722
320 u[5,3.2] 1.3582209473183138
321 u[5,4] 2.606631306090956
322 u[5,4.2] -2.6217791939146604
323 u[5,5] -7.170084692069093
324 u[5,6] 5.2904115857674414e-05
325 u[6,0] 33.997964152205135
326 u[6,0.2] 28.565879429902456
327 u[6,1] 22.562120947008513
328 u[6,1.2] 15.101003610896935
329 u[6,2] 7.783743674037306
330 u[6,2.2] 0.32871504649629385
331 u[6,3] -7.18813286614595
332 u[6,3.2] -12.23631177422689
333 u[6,4] -16.881669514439338
334 u[6,4.2] -24.93709558953558
335 u[6,5] -32.428650442431575
336 u[6,6] 0.0001065769122673254
337 u[7,0] 27.639817929117484
338 u[7,0.2] 21.180270148325228
339 u[7,1] 14.662988407959208
340 u[7,1.2] 9.856323726034214
341 u[7,2] 5.106818994806087
342 u[7,2.2] 0.5983814451071436
343 u[7,3] -3.9355994412304063
344 u[7,3.2] -9.275747357487782
345 u[7,4] -14.680642622445175
346 u[7,4.2] -21.59943272800732
347 u[7,5] -28.400262422978546
348 u[7,6] -0.00011145595952650678
46333 f[1,1,0] -52.47573562432877
46334 f[1,1,0.2] -38.922646633881214
46335 f[1,1,1] -23.194895905616715
46336 f[1,1,1.2] -13.864931775319079
46337 f[1,1,2] -6.277940097350092
46338 f[1,1,2.2] 0.9687673568543334
46339 f[1,1,3] 9.207186566431597
46340 f[1,1,3.2] 19.294007686003653
46341 f[1,1,4] 29.967844495923107
46342 f[1,1,4.2] 43.3017966511383
46343 f[1,1,5] 35.070501684360565
46344 f[1,2,0] 318.8558280295796
46345 f[1,2,0.2] 359.4462306989271
46346 f[1,2,1] 362.60888868626114
46347 f[1,2,1.2] 370.7928070748521
46348 f[1,2,2] 379.2400525418573
46349 f[1,2,2.2] 382.6957308880017
46350 f[1,2,3] 377.7133418865615
46351 f[1,2,3.2] 366.6936882875983
46352 f[1,2,4] 349.7080421810281
46353 f[1,2,4.2] 328.9761538313845
46354 f[1,2,5] 230.97123659033505
46355 f[1,3,0] 0
46356 f[1,3,0.2] 0
46357 f[1,3,1] 0
46358 f[1,3,1.2] 0
46359 f[1,3,2] 0
46360 f[1,3,2.2] 0
46361 f[1,3,3] 0
46362 f[1,3,3.2] 0
46363 f[1,3,4] 0
46364 f[1,3,4.2] 0
46365 f[1,3,5] 0
46366 f[1,4,0] 0
46367 f[1,4,0.2] 0
46368 f[1,4,1] 0
46369 f[1,4,1.2] 0
46370 f[1,4,2] 0
46371 f[1,4,2.2] 0
46372 f[1,4,3] 0
46373 f[1,4,3.2] 0
46374 f[1,4,4] 0
46375 f[1,4,4.2] 0
46376 f[1,4,5] 0
46377 f[2,1,6] 12.304267118604516
46378 f[2,2,6] -11.93951940324254
46379 f[2,3,6] 0
46380 f[2,4,6] 0
