295 x[1,0] 0.06183413693298356
296 x[1,0.2] 0.010990601750665416
297 x[1,1] -0.013363028081250306
298 x[1,1.2] -0.02564291835394384
299 x[1,2] -0.03296487800236406
300 x[1,2.2] -0.041422207725586704
301 x[1,3] -0.05451679299517116
302 x[1,3.2] -0.07465065194986546
303 x[1,4] -0.10343095990998254
304 x[1,4.2] -0.14261663614104989
305 x[1,5] -0.19529838439287797
306 x[1,5.2] -0.2660416244687243
307 x[1,6] -0.3656309636979212
308 x[1,7] 0.06183413693298356
309 x[2,0] 0.4449593307460298
310 x[2,0.2] 0.43495383602605575
311 x[2,1] 0.3787400646512284
312 x[2,1.2] 0.3077928927052171
313 x[2,2] 0.23599151547621244
314 x[2,2.2] 0.1737890210511957
315 x[2,3] 0.12354836890448528
316 x[2,3.2] 0.08431834137933077
317 x[2,4] 0.053179356761988275
318 x[2,4.2] 0.0280437882617188
319 x[2,5] 0.009432855851360802
320 x[2,5.2] 0
321 x[2,6] 0.013082787460693333
322 x[2,7] 0.4449593307460298
323 x[3,0] -0.5893822696968686
324 x[3,0.2] -0.5369002632168888
325 x[3,1] -0.45911056692339314
326 x[3,1.2] -0.3773987734714149
327 x[3,2] -0.3012418666354047
328 x[3,2.2] -0.23674516871265627
329 x[3,3] -0.18216684690785176
330 x[3,3.2] -0.13245528283577823
331 x[3,4] -0.08043881329907444
332 x[3,4.2] -0.019617649972413963
333 x[3,5] 0.05577732356566224
334 x[3,5.2] 0.15161271998894515
335 x[3,6] 0.26995937421937255
336 x[3,7] -0.5893822696968686
337 x[4,0] -0.8593416439162411
338 x[4,0.2] -0.7990903646642323
339 x[4,1] -0.6697895666009783
340 x[4,1.2] -0.49638910440983364
341 x[4,2] -0.2948212098881336
342 x[4,2.2] -0.07991289284276357
343 x[4,3] 0.13525657041732067
344 x[4,3.2] 0.3386333712090591
345 x[4,4] 0.519736642929988
346 x[4,4.2] 0.6690175366114204
347 x[4,5] 0.7793811020694367
348 x[4,5.2] 0.8448694916503467
349 x[4,6] 0.8593416439162411
350 x[4,7] -0.8593416439162411
351 x[5,0] -0.013082787460693333
352 x[5,0.2] -0.1081939925860842
353 x[5,1] -0.22838127337170966
354 x[5,1.2] -0.3690847213370331
355 x[5,2] -0.5215370907979888
356 x[5,2.2] -0.6745005319030911
357 x[5,3] -0.8110895049899336
358 x[5,3.2] -0.9133004935302472
359 x[5,4] -0.9646335139511161
360 x[5,4.2] -0.9511446569667849
361 x[5,5] -0.8638880869184494
362 x[5,5.2] -0.6959370136076805
363 x[5,6] -0.4449593307460298
364 x[5,7] -0.013082787460693333
365 x[6,0] -1.1988243941156624
366 x[6,0.2] -0.5944648275571963
367 x[6,1] -0.2905990678161503
368 x[6,1.2] -0.14922079900001586
369 x[6,2] -0.12061287498392227
370 x[6,2.2] -0.17704170773245742
371 x[6,3] -0.27960449371632745
372 x[6,3.2] -0.41498176485721583
373 x[6,4] -0.5760541739022512
374 x[6,4.2] -0.7774448962224382
375 x[6,5] -1.0387766431854757
376 x[6,5.2] -1.4233497053005282
377 x[6,6] -2.0277857570146347
378 x[6,7] -1.1988243941156624
379 x[7,0] 0.4444832163204331
380 x[7,0.2] -0.6775612294803488
381 x[7,1] -1.1398005547031074
382 x[7,1.2] -1.2581164524729946
383 x[7,2] -1.1690875929771642
384 x[7,2.2] -0.9636838789619645
385 x[7,3] -0.7589672862923751
386 x[7,3.2] -0.5946125950385914
387 x[7,4] -0.481560100881677
388 x[7,4.2] -0.3776004134664704
389 x[7,5] -0.2578582920847118
390 x[7,5.2] -0.01713455893172495
391 x[7,6] 0.5141072962915703
392 x[7,7] 0.4444832163204331
393 x[8,0] 0.5366380543912992
394 x[8,0.2] 1.1896798100617552
395 x[8,1] 1.4043302765689882
396 x[8,1.2] 1.3751886078407978
397 x[8,2] 1.2138770211643688
398 x[8,2.2] 1.0090406812115869
399 x[8,3] 0.8738184114062909
400 x[8,3.2] 0.8512663224271609
401 x[8,4] 0.9528437416221853
402 x[8,4.2] 1.1500100870662446
403 x[8,5] 1.45251723458501
404 x[8,5.2] 1.834556967051104
405 x[8,6] 2.2243317879728184
406 x[8,7] 0.5366380543912992
407 x[9,0] 0.27803931335651766
408 x[9,0.2] 1.7062254618501609
409 x[9,1] 2.6454513868849268
410 x[9,1.2] 3.2568609014607803
411 x[9,2] 3.611191923932539
412 x[9,2.2] 3.7217371029777353
413 x[9,3] 3.620145508437026
414 x[9,3.2] 3.3241584272655778
415 x[9,4] 2.8564816545806972
416 x[9,4.2] 2.243622174988986
417 x[9,5] 1.5221732583492904
418 x[9,5.2] 0.7042595144129743
419 x[9,6] -0.22695487816553087
420 x[9,7] 0.27803931335651766
421 x[10,0] -1.3967087831217526
422 x[10,0.2] -1.8548312073501798
423 x[10,1] -2.2564599486155084
424 x[10,1.2] -2.540211208353272
425 x[10,2] -2.6592801141800435
426 x[10,2.2] -2.5335292798200673
427 x[10,3] -2.0978697821254224
428 x[10,3.2] -1.361299236604876
429 x[10,4] -0.35348230374445655
430 x[10,4.2] 0.8397448160293336
431 x[10,5] 2.175696429878545
432 x[10,5.2] 3.586721996841423
433 x[10,6] 5.0223230430516335
434 x[10,7] -1.3967087831217526
1 t[0] 0
2 t[0.2] 0.05833333333333334
3 t[1] 0.11666666666666668
4 t[1.2] 0.17500000000000002
5 t[2] 0.23333333333333334
6 t[2.2] 0.2916666666666667
7 t[3] 0.35
8 t[3.2] 0.4083333333333333
9 t[4] 0.4666666666666666
10 t[4.2] 0.5249999999999999
11 t[5] 0.5833333333333333
12 t[5.2] 0.6416666666666666
13 t[6] 0.7
14 t[7] 0.7
225 u[1,0] 0
226 u[1,0.2] 0
227 u[1,1] 0
228 u[1,1.2] 0
229 u[1,2] 0
230 u[1,2.2] 0
231 u[1,3] 0
232 u[1,3.2] 0
233 u[1,4] 0
234 u[1,4.2] 0
235 u[1,5] 0
236 u[1,5.2] 0
237 u[1,6] 0
238 u[1,7] 0
239 u[2,0] -16.446563357619166
240 u[2,0.2] -11.880701204009778
241 u[2,1] -7.481022918852649
242 u[2,1.2] -5.550401408507025
243 u[2,2] -2.994660364097968
244 u[2,2.2] -2.0167570274600113
245 u[2,3] -0.9066893781284892
246 u[2,3.2] -0.5072109391876023
247 u[2,4] -0.045688511309088166
248 u[2,4.2] 0.5054254228458014
249 u[2,5] 0.9564840553366901
250 u[2,5.2] 2.919291502013647
251 u[2,6] 4.9942155947759055
252 u[2,7] -5.797949333266924e-14
253 u[3,0] 31.77360995573369
254 u[3,0.2] 23.91507022141937
255 u[3,1] 15.75210396528202
256 u[3,1.2] 11.917670359223795
257 u[3,2] 7.41811956279366
258 u[3,2.2] 5.688078865550293
259 u[3,3] 3.7741945110600565
260 u[3,3.2] 3.5344340413801074
261 u[3,4] 3.1108683028672073
262 u[3,4.2] 3.6493208103243244
263 u[3,5] 4.089570557998009
264 u[3,5.2] 5.006007879538058
265 u[3,6] 5.560198005590936
266 u[3,7] 3.1072505525360976e-14
267 u[4,0] 28.91350019663344
268 u[4,0.2] 24.26234207978369
269 u[4,1] 19.643745515357573
270 u[4,1.2] 16.243614118202977
271 u[4,2] 12.898647503427073
272 u[4,2.2] 9.767787962161849
273 u[4,3] 6.828173738890906
274 u[4,3.2] 3.9958056622280917
275 u[4,4] 1.2373105533099196
276 u[4,4.2] -1.1797755286720173
277 u[4,5] -3.5519806357014163
278 u[4,5.2] -5.659228803062006
279 u[4,6] -7.919220567341422
280 u[4,7] 2.722168651232729e-14
281 u[5,0] 8.973120091910529
282 u[5,0.2] 7.288193446007105
283 u[5,1] 5.429779747830151
284 u[5,1.2] 4.953213126657597
285 u[5,2] 3.954015470262674
286 u[5,2.2] 4.382735074166713
287 u[5,3] 4.437995103917436
288 u[5,3.2] 5.16892923849117
289 u[5,4] 5.685260037486659
290 u[5,4.2] 6.04651566415189
291 u[5,5] 6.491709189511455
292 u[5,5.2] 6.21125579950246
293 u[5,6] 6.305617087816174
294 u[5,7] -1.3666268594232306e-14
