326 x[1,0] 0
327 x[1,1] 1.979566543326039e-09
328 x[1,2] 4.929475000782036e-09
329 x[1,3] 2.022344432113779e-08
330 x[1,4] 0.008668541895803097
331 x[1,5] 0.026005558587309293
332 x[1,6] 0.04334257524570093
333 x[1,7] 0.060679591731049004
334 x[1,8] 0.07801660810116631
335 x[1,9] 0.09535362442926802
336 x[1,10] 0.11269064078911856
337 x[1,11] 0.13002765725422474
338 x[1,12] 0.1473646738873843
339 x[1,13] 0.16470169061649118
340 x[1,14] 0.1739590133352783
341 x[1,15] 0.17454782987869324
342 x[1,16] 0.17454783316357456
343 x[1,17] 0.174547834785909
344 x[1,18] 0.1745478353136621
345 x[1,19] 0.1745478346501839
346 x[1,20] 0.174547832178583
347 x[1,21] 0.1745478254338397
348 x[1,22] 0.14849172690937334
349 x[1,23] 0.08162375459647203
350 x[1,24] 0
351 x[2,0] -0.8
352 x[2,1] -0.7999999976202786
353 x[2,2] -0.7999999922885802
354 x[2,3] -0.7999999445125778
355 x[2,4] -0.7601192499479389
356 x[2,5] -0.6803579446112459
357 x[2,6] -0.6005966341947734
358 x[2,7] -0.5208353221321892
359 x[2,8] -0.4410740093759551
360 x[2,9] -0.36131269640583713
361 x[2,10] -0.281551383595754
362 x[2,11] -0.20179007139728702
363 x[2,12] -0.12202876065235636
364 x[2,13] -0.04226745407123843
365 x[2,14] -0.0004248156714460395
366 x[2,15] 0.0015371755352225516
367 x[2,16] 0.0015371816131955012
368 x[2,17] 0.0015371837033393155
369 x[2,18] 0.0015371842393277373
370 x[2,19] 0.0015371839051060798
371 x[2,20] 0.0015371830032248374
372 x[2,21] 0.0015371817378551824
373 x[2,22] 0.0007685914577891941
374 x[2,23] 9.38335909920344e-10
375 x[2,24] 0
376 x[3,0] 0.7853981633974483
377 x[3,1] 0.9486456872882625
378 x[3,2] 1.111893210417872
379 x[3,3] 1.2751406461326962
380 x[3,4] 1.3567643361155017
381 x[3,5] 1.3567643550096495
382 x[3,6] 1.3567643633456081
383 x[3,7] 1.356764367719958
384 x[3,8] 1.3567643697146765
385 x[3,9] 1.356764369839097
386 x[3,10] 1.356764368121608
387 x[3,11] 1.3567643641357972
388 x[3,12] 1.3567643565330054
389 x[3,13] 1.3567643401682365
390 x[3,14] 1.279237434518549
391 x[3,15] 1.1200867824242977
392 x[3,16] 0.9568392609476574
393 x[3,17] 0.793591732091161
394 x[3,18] 0.6303442012240174
395 x[3,19] 0.46709667035173286
396 x[3,20] 0.3038491414739769
397 x[3,21] 0.14060161991002154
398 x[3,22] 0.02948894766550204
399 x[3,23] 2.2991731143549064e-08
400 x[3,24] 0
401 x[4,0] 2.3643680614931054e-08
402 x[4,1] 2.4860983024525797e-08
403 x[4,2] 4.741964543384268e-08
404 x[4,3] 3.273234110442038e-07
405 x[4,4] 0.21240156666234158
406 x[4,5] 0.2124015682343674
407 x[4,6] 0.21240156585094622
408 x[4,7] 0.21240156399433824
409 x[4,8] 0.2124015630274851
410 x[4,9] 0.21240156296484441
411 x[4,10] 0.21240156380541544
412 x[4,11] 0.212401565543889
413 x[4,12] 0.2124015679231708
414 x[4,13] 0.21240156789485495
415 x[4,14] 0.014427521657651165
416 x[4,15] 5.362662478452408e-08
417 x[4,16] 2.686173528350718e-08
418 x[4,17] 1.2889789641057299e-08
419 x[4,18] 4.1574528023164904e-11
420 x[4,19] -1.629855567746068e-08
421 x[4,20] -4.426225295670639e-08
422 x[4,21] -1.2100193859374778e-07
423 x[4,22] -0.6384437666246661
424 x[4,23] -0.999999846146597
425 x[4,24] -0.9999997761416851
426 x[5,0] 2.364368065206881e-08
427 x[5,1] 3.4665844614861307e-08
428 x[5,2] 9.59749891198408e-08
429 x[5,3] 1.0746645428415052e-06
430 x[5,4] 0.97718227667969
431 x[5,5] 0.9771823728668549
432 x[5,6] 0.9771824011478338
433 x[5,7] 0.9771824132009803
434 x[5,8] 0.9771824181441077
435 x[5,9] 0.9771824184417055
436 x[5,10] 0.9771824142228281
437 x[5,11] 0.9771824034554787
438 x[5,12] 0.9771823786073135
439 x[5,13] 0.9771823014309694
440 x[5,14] 0.04807390503544716
441 x[5,15] 1.1081525589119494e-07
442 x[5,16] 3.8111300645152934e-08
443 x[5,17] 1.3102801837163896e-08
444 x[5,18] 3.034788712135141e-11
445 x[5,19] -8.219666152946079e-09
446 x[5,20] -1.3878826000215375e-08
447 x[5,21] -1.7126101957765078e-08
448 x[5,22] -0.01883249403961849
449 x[5,23] -2.299172893847819e-08
450 x[5,24] 0
451 x[6,0] 1.9999997530521498
452 x[6,1] 1.9999998516614388
453 x[6,2] 1.9999997344006082
454 x[6,3] 1.999997709765945
455 x[6,4] 3.2931506717762364e-07
456 x[6,5] 1.336419358147357e-07
457 x[6,6] 7.061127332635368e-08
458 x[6,7] 3.6571964717798206e-08
459 x[6,8] 1.2303957705077109e-08
460 x[6,9] -9.255322806519806e-09
461 x[6,10] -3.2827735062855337e-08
462 x[6,11] -6.483525779780423e-08
463 x[6,12] -1.2145340858367968e-07
464 x[6,13] -2.7952704917592e-07
465 x[6,14] -1.899615620073696
466 x[6,15] -1.9999997020718538
467 x[6,16] -1.999999843488023
468 x[6,17] -1.9999998828980192
469 x[6,18] -1.9999998927542448
470 x[6,19] -1.9999998830239842
471 x[6,20] -1.9999998438829796
472 x[6,21] -1.9999997038163662
473 x[6,22] -0.7225570276043389
474 x[6,23] -2.5367703531132677e-07
475 x[6,24] -3.096816899550683e-07
1 t[0] 0
2 t[1] 0.08162377001159869
3 t[2] 0.16324754002319738
4 t[3] 0.24487131003479604
5 t[4] 0.3264950800463947
6 t[5] 0.40811885005799314
7 t[6] 0.4897426200695916
8 t[7] 0.5713663900811902
9 t[8] 0.6529901600927887
10 t[9] 0.7346139301043871
11 t[10] 0.8162377001159856
12 t[11] 0.8978614701275841
13 t[12] 0.9794852401391826
14 t[13] 1.061109010150781
15 t[14] 1.1427327801623797
16 t[15] 1.2243565501739782
17 t[16] 1.3059803201855769
18 t[17] 1.3876040901971756
19 t[18] 1.469227860208774
20 t[19] 1.5508516302203728
21 t[20] 1.6324754002319715
22 t[21] 1.71409917024357
23 t[22] 1.7957229402551687
24 t[23] 1.8773467102667676
25 t[24] 1.9589704802783663
16574 uL[0] -0.9999998430888611
16575 uL[1] -0.9999998831717313
16576 uL[2] -0.9999997601497491
16577 uL[3] -0.999997731475435
16578 uL[4] 0.9999996490311035
16579 uL[5] 0.9999998411939828
16580 uL[6] 0.9999998998387499
16581 uL[7] 0.999999928242182
16582 uL[8] 0.9999999450011626
16583 uL[9] 0.9999999560583058
16584 uL[10] 0.9999999639004379
16585 uL[11] 0.9999999697517893
16586 uL[12] 0.9999999742850382
16587 uL[13] 0.9999999779004813
16588 uL[14] 0.9999999780169045
16589 uL[15] 0.9999999741449673
16590 uL[16] 0.9999999683704425
16591 uL[17] 0.9999999598291645
16592 uL[18] 0.9999999464285951
16593 uL[19] 0.9999999232580657
16594 uL[20] 0.9999998755543272
16595 uL[21] 0.9999997297002762
16596 uL[22] -0.2774429481619531
16597 uL[23] -0.9999997193080795
16598 uL[24] -0.9999996213008402
16599 uR[0] 0.9999999099632887
16600 uR[1] 0.9999999684897074
16601 uR[2] 0.9999999742508591
16602 uR[3] 0.9999999782905099
16603 uR[4] 0.9999999783461707
16604 uR[5] 0.9999999748359186
16605 uR[6] 0.9999999704500232
16606 uR[7] 0.9999999648141467
16607 uR[8] 0.9999999573051203
16608 uR[9] 0.999999946802983
16609 uR[10] 0.9999999310727029
16610 uR[11] 0.9999999049165315
16611 uR[12] 0.9999998528316295
16612 uR[13] 0.999999698373432
16613 uR[14] -0.8996156420567913
16614 uR[15] -0.9999997279268865
16615 uR[16] -0.9999998751175806
16616 uR[17] -0.9999999230688547
16617 uR[18] -0.9999999463256497
16618 uR[19] -0.9999999597659185
16619 uR[20] -0.9999999683286523
16620 uR[21] -0.99999997411609
16621 uR[22] -0.9999999757662921
16622 uR[23] -0.9999999729851148
16623 uR[24] -0.9999999309825301
