151 x[1,0] 0
152 x[1,1] 0.003398418198614041
153 x[1,2] 0.013408304525143211
154 x[1,3] 0.029597133020097047
155 x[1,4] 0.05147058830514731
156 x[1,5] 0.07853435500475968
157 x[1,6] 0.1102941177445869
158 x[1,7] 0.1462555611509679
159 x[1,8] 0.1859243698506896
160 x[1,9] 0.22880622847085075
161 x[1,10] 0.2744068216387751
162 x[1,11] 0.3222318339819516
163 x[1,12] 0.37178695012798996
164 x[1,13] 0.4225778547045865
165 x[1,14] 0.4741102323394955
166 x[1,15] 0.5258897676605051
167 x[1,16] 0.5774221452954141
168 x[1,17] 0.6282130498720107
169 x[1,18] 0.677768166018049
170 x[1,19] 0.7255931783612255
171 x[1,20] 0.7711937715291498
172 x[1,21] 0.8140756301493108
173 x[1,22] 0.8537444388490325
174 x[1,23] 0.8897058822554135
175 x[1,24] 0.9214656449952406
176 x[1,25] 0.9485294116948529
177 x[1,26] 0.9704028669799032
178 x[1,27] 0.9865916954748569
179 x[1,28] 0.996601581801386
180 x[1,29] 1
181 x[2,0] 0
182 x[2,1] 0.19710825551961184
183 x[2,2] 0.38346515141908005
184 x[2,3] 0.5554869012882427
185 x[2,4] 0.7131735052446723
186 x[2,5] 0.8565249633328457
187 x[2,6] 0.9855412755771331
188 x[2,7] 1.1002224419929656
189 x[2,8] 1.2005684625908928
190 x[2,9] 1.286579337378453
191 x[2,10] 1.3582550663611603
192 x[2,11] 1.415595649543075
193 x[2,12] 1.4586010869271497
194 x[2,13] 1.4872713785154477
195 x[2,14] 1.5016065243092782
196 x[2,15] 1.5016065243092782
197 x[2,16] 1.4872713785154472
198 x[2,17] 1.4586010869271493
199 x[2,18] 1.4155956495430744
200 x[2,19] 1.3582550663611597
201 x[2,20] 1.286579337378452
202 x[2,21] 1.2005684625908917
203 x[2,22] 1.1002224419929643
204 x[2,23] 0.9855412755771316
205 x[2,24] 0.8565249633328438
206 x[2,25] 0.7131735052446703
207 x[2,26] 0.5554869012882406
208 x[2,27] 0.3834651514190777
209 x[2,28] 0.19710825551960937
210 x[2,29] 0
1 t[0] 0
2 t[1] 0.0344827586206901
3 t[2] 0.06896551724137975
4 t[3] 0.10344827586206941
5 t[4] 0.13793103448275906
6 t[5] 0.17241379310344873
7 t[6] 0.2068965517241384
8 t[7] 0.24137931034482807
9 t[8] 0.27586206896551774
10 t[9] 0.3103448275862074
11 t[10] 0.3448275862068971
12 t[11] 0.37931034482758674
13 t[12] 0.4137931034482764
14 t[13] 0.4482758620689661
15 t[14] 0.48275862068965575
16 t[15] 0.5172413793103454
17 t[16] 0.551724137931035
18 t[17] 0.5862068965517246
19 t[18] 0.6206896551724143
20 t[19] 0.6551724137931039
21 t[20] 0.6896551724137935
22 t[21] 0.7241379310344831
23 t[22] 0.7586206896551727
24 t[23] 0.7931034482758623
25 t[24] 0.8275862068965519
26 t[25] 0.8620689655172415
27 t[26] 0.8965517241379312
28 t[27] 0.9310344827586208
29 t[28] 0.9655172413793104
30 t[29] 1
121 u[1,0] 5.820069220334137
122 u[1,1] 5.612209599803202
123 u[1,2] 5.196490362365954
124 u[1,3] 4.780771130045484
125 u[1,4] 4.365051899427428
126 u[1,5] 3.9493326696866276
127 u[1,6] 3.533613440482048
128 u[1,7] 3.1178942116362385
129 u[1,8] 2.7021749830435406
130 u[1,9] 2.286455754634947
131 u[1,10] 1.8707365263620837
132 u[1,11] 1.4550172981889689
133 u[1,12] 1.0392980700873609
134 u[1,13] 0.6235788420339095
135 u[1,14] 0.20785961400826883
136 u[1,15] -0.20785961400827446
137 u[1,16] -0.6235788420339151
138 u[1,17] -1.0392980700873664
139 u[1,18] -1.4550172981889744
140 u[1,19] -1.870736526362089
141 u[1,20] -2.2864557546349524
142 u[1,21] -2.7021749830435464
143 u[1,22] -3.1178942116362443
144 u[1,23] -3.533613440482053
145 u[1,24] -3.949332669686633
146 u[1,25] -4.365051899427432
147 u[1,26] -4.780771130045489
148 u[1,27] -5.196490362365958
149 u[1,28] -5.612209599803204
150 u[1,29] -5.820069220334139
